app/api/analyze-receipt/route.ts(64,15): error TS2353: Object literal may only specify known properties, and 'mimeType' does not exist in type 'ImagePart'.
app/api/parse-voice/route.ts(1,36): error TS2307: Cannot find module '@google/generative-ai' or its corresponding type declarations.
app/auth/error/page.tsx(2,23): error TS2307: Cannot find module '@/components/Icons' or its corresponding type declarations.
app/auth/forgot-password/page.tsx(6,24): error TS2307: Cannot find module '@/components/ui/button' or its corresponding type declarations.
app/auth/forgot-password/page.tsx(7,23): error TS2307: Cannot find module '@/components/ui/input' or its corresponding type declarations.
app/auth/forgot-password/page.tsx(8,23): error TS2307: Cannot find module '@/components/ui/label' or its corresponding type declarations.
app/auth/forgot-password/page.tsx(11,23): error TS2307: Cannot find module '@/components/Icons' or its corresponding type declarations.
app/auth/forgot-password/page.tsx(92,28): error TS7006: Parameter 'e' implicitly has an 'any' type.
app/auth/login/page.tsx(6,24): error TS2307: Cannot find module '@/components/ui/button' or its corresponding type declarations.
app/auth/login/page.tsx(7,23): error TS2307: Cannot find module '@/components/ui/input' or its corresponding type declarations.
app/auth/login/page.tsx(8,23): error TS2307: Cannot find module '@/components/ui/label' or its corresponding type declarations.
app/auth/login/page.tsx(12,23): error TS2307: Cannot find module '@/components/Icons' or its corresponding type declarations.
app/auth/login/page.tsx(71,28): error TS7006: Parameter 'e' implicitly has an 'any' type.
app/auth/login/page.tsx(91,30): error TS7006: Parameter 'e' implicitly has an 'any' type.
app/auth/reset-password/page.tsx(6,24): error TS2307: Cannot find module '@/components/ui/button' or its corresponding type declarations.
app/auth/reset-password/page.tsx(7,23): error TS2307: Cannot find module '@/components/ui/input' or its corresponding type declarations.
app/auth/reset-password/page.tsx(8,23): error TS2307: Cannot find module '@/components/ui/label' or its corresponding type declarations.
app/auth/reset-password/page.tsx(11,23): error TS2307: Cannot find module '@/components/Icons' or its corresponding type declarations.
app/auth/reset-password/page.tsx(87,30): error TS7006: Parameter 'e' implicitly has an 'any' type.
app/auth/reset-password/page.tsx(109,28): error TS7006: Parameter 'e' implicitly has an 'any' type.
app/auth/sign-up-success/page.tsx(2,23): error TS2307: Cannot find module '@/components/Icons' or its corresponding type declarations.
app/auth/sign-up/page.tsx(6,24): error TS2307: Cannot find module '@/components/ui/button' or its corresponding type declarations.
app/auth/sign-up/page.tsx(7,23): error TS2307: Cannot find module '@/components/ui/input' or its corresponding type declarations.
app/auth/sign-up/page.tsx(8,23): error TS2307: Cannot find module '@/components/ui/label' or its corresponding type declarations.
app/auth/sign-up/page.tsx(12,23): error TS2307: Cannot find module '@/components/Icons' or its corresponding type declarations.
app/auth/sign-up/page.tsx(117,28): error TS7006: Parameter 'e' implicitly has an 'any' type.
app/auth/sign-up/page.tsx(136,30): error TS7006: Parameter 'e' implicitly has an 'any' type.
app/auth/sign-up/page.tsx(152,28): error TS7006: Parameter 'e' implicitly has an 'any' type.
app/auth/sign-up/page.tsx(167,30): error TS7006: Parameter 'e' implicitly has an 'any' type.
app/auth/sign-up/page.tsx(189,28): error TS7006: Parameter 'e' implicitly has an 'any' type.
app/dashboard/page.tsx(3,33): error TS2307: Cannot find module '@/components/dashboard-client' or its corresponding type declarations.
app/legal/privacy/page.tsx(2,23): error TS2307: Cannot find module '@/components/Icons' or its corresponding type declarations.
app/legal/terms/page.tsx(2,23): error TS2307: Cannot find module '@/components/Icons' or its corresponding type declarations.
app/page.tsx(3,17): error TS2307: Cannot find module '../App' or its corresponding type declarations.
src/App.tsx(4,23): error TS2307: Cannot find module './components/Icons' or its corresponding type declarations.
src/App.tsx(5,29): error TS2307: Cannot find module './components/BalanceCard' or its corresponding type declarations.
src/App.tsx(6,33): error TS2307: Cannot find module './components/ExpenseTracking' or its corresponding type declarations.
src/App.tsx(7,30): error TS2307: Cannot find module './components/SavingsGoals' or its corresponding type declarations.
src/App.tsx(8,33): error TS2307: Cannot find module './components/TransactionList' or its corresponding type declarations.
src/App.tsx(9,27): error TS2307: Cannot find module './components/BottomNav' or its corresponding type declarations.
src/App.tsx(10,27): error TS2307: Cannot find module './components/AIAdvisor' or its corresponding type declarations.
src/App.tsx(11,30): error TS2307: Cannot find module './components/AccountsPage' or its corresponding type declarations.
src/App.tsx(12,28): error TS2307: Cannot find module './components/BudgetPage' or its corresponding type declarations.
src/App.tsx(13,27): error TS2307: Cannot find module './components/GoalsPage' or its corresponding type declarations.
src/App.tsx(15,34): error TS2307: Cannot find module './components/TransactionModal' or its corresponding type declarations.
src/App.tsx(16,28): error TS2307: Cannot find module './components/Onboarding' or its corresponding type declarations.
src/App.tsx(17,39): error TS2307: Cannot find module './components/FinancialProfileModal' or its corresponding type declarations.
src/App.tsx(18,31): error TS2307: Cannot find module './components/FeedbackModal' or its corresponding type declarations.
src/App.tsx(19,33): error TS2307: Cannot find module './components/DataExportModal' or its corresponding type declarations.
src/context/AppContext.tsx(22,8): error TS2307: Cannot find module '../types' or its corresponding type declarations.
src/context/AppContext.tsx(298,21): error TS7006: Parameter 'prev' implicitly has an 'any' type.
src/context/AppContext.tsx(308,21): error TS7006: Parameter 'prev' implicitly has an 'any' type.
src/context/AppContext.tsx(318,21): error TS7006: Parameter 'prev' implicitly has an 'any' type.
src/context/AppContext.tsx(334,23): error TS7006: Parameter 'prev' implicitly has an 'any' type.
src/context/AppContext.tsx(347,23): error TS7006: Parameter 'prev' implicitly has an 'any' type.
src/context/AppContext.tsx(349,40): error TS7006: Parameter 'a' implicitly has an 'any' type.
src/context/AppContext.tsx(363,23): error TS7006: Parameter 'prev' implicitly has an 'any' type.
src/context/AppContext.tsx(364,53): error TS7006: Parameter 'a' implicitly has an 'any' type.
src/context/AppContext.tsx(377,19): error TS7006: Parameter 'prev' implicitly has an 'any' type.
src/context/AppContext.tsx(396,21): error TS7006: Parameter 'prev' implicitly has an 'any' type.
src/context/AppContext.tsx(400,44): error TS7006: Parameter 'acc' implicitly has an 'any' type.
src/context/AppContext.tsx(434,21): error TS7006: Parameter 'prev' implicitly has an 'any' type.
src/context/AppContext.tsx(435,47): error TS7006: Parameter 't' implicitly has an 'any' type.
src/context/AppContext.tsx(443,42): error TS7006: Parameter 'acc' implicitly has an 'any' type.
src/context/AppContext.tsx(454,42): error TS7006: Parameter 'acc' implicitly has an 'any' type.
src/context/AppContext.tsx(467,48): error TS7006: Parameter 't' implicitly has an 'any' type.
src/context/AppContext.tsx(484,21): error TS7006: Parameter 'prev' implicitly has an 'any' type.
src/context/AppContext.tsx(485,44): error TS7006: Parameter 't' implicitly has an 'any' type.
src/context/AppContext.tsx(490,42): error TS7006: Parameter 'acc' implicitly has an 'any' type.
src/context/AppContext.tsx(500,90): error TS7006: Parameter 't' implicitly has an 'any' type.
src/context/AppContext.tsx(512,48): error TS7006: Parameter 'a' implicitly has an 'any' type.
src/context/AppContext.tsx(513,46): error TS7006: Parameter 'a' implicitly has an 'any' type.
src/context/AppContext.tsx(545,21): error TS7006: Parameter 'prev' implicitly has an 'any' type.
src/context/AppContext.tsx(547,38): error TS7006: Parameter 'acc' implicitly has an 'any' type.
src/context/AppContext.tsx(568,23): error TS7006: Parameter 'prev' implicitly has an 'any' type.
src/context/AppContext.tsx(581,23): error TS7006: Parameter 'prev' implicitly has an 'any' type.
src/context/AppContext.tsx(583,48): error TS7006: Parameter 'g' implicitly has an 'any' type.
src/context/AppContext.tsx(595,23): error TS7006: Parameter 'prev' implicitly has an 'any' type.
src/context/AppContext.tsx(595,84): error TS7006: Parameter 'g' implicitly has an 'any' type.
src/context/AppContext.tsx(606,48): error TS7006: Parameter 'a' implicitly has an 'any' type.
src/context/AppContext.tsx(607,49): error TS7006: Parameter 'g' implicitly has an 'any' type.
src/context/AppContext.tsx(637,21): error TS7006: Parameter 'prev' implicitly has an 'any' type.
src/context/AppContext.tsx(639,38): error TS7006: Parameter 'a' implicitly has an 'any' type.
src/context/AppContext.tsx(640,46): error TS7006: Parameter 'g' implicitly has an 'any' type.
src/context/AppContext.tsx(657,23): error TS7006: Parameter 'prev' implicitly has an 'any' type.
src/context/AppContext.tsx(668,23): error TS7006: Parameter 'prev' implicitly has an 'any' type.
src/context/AppContext.tsx(670,34): error TS7006: Parameter 'i' implicitly has an 'any' type.
src/context/AppContext.tsx(682,23): error TS7006: Parameter 'prev' implicitly has an 'any' type.
src/context/AppContext.tsx(682,70): error TS7006: Parameter 'i' implicitly has an 'any' type.
src/context/AppContext.tsx(693,42): error TS7006: Parameter 'i' implicitly has an 'any' type.
src/context/AppContext.tsx(694,48): error TS7006: Parameter 'a' implicitly has an 'any' type.
src/context/AppContext.tsx(726,21): error TS7006: Parameter 'prev' implicitly has an 'any' type.
src/context/AppContext.tsx(728,38): error TS7006: Parameter 'a' implicitly has an 'any' type.
src/context/AppContext.tsx(729,32): error TS7006: Parameter 'i' implicitly has an 'any' type.
src/context/AppContext.tsx(742,42): error TS7006: Parameter 'i' implicitly has an 'any' type.
src/context/AppContext.tsx(743,48): error TS7006: Parameter 'a' implicitly has an 'any' type.
src/context/AppContext.tsx(766,21): error TS7006: Parameter 'prev' implicitly has an 'any' type.
src/context/AppContext.tsx(768,38): error TS7006: Parameter 'a' implicitly has an 'any' type.
src/context/AppContext.tsx(769,32): error TS7006: Parameter 'i' implicitly has an 'any' type.
src/context/AppContext.tsx(786,23): error TS7006: Parameter 'prev' implicitly has an 'any' type.
src/context/AppContext.tsx(797,23): error TS7006: Parameter 'prev' implicitly has an 'any' type.
src/context/AppContext.tsx(799,36): error TS7006: Parameter 'i' implicitly has an 'any' type.
src/context/AppContext.tsx(811,23): error TS7006: Parameter 'prev' implicitly has an 'any' type.
src/context/AppContext.tsx(811,72): error TS7006: Parameter 'i' implicitly has an 'any' type.
src/context/AppContext.tsx(822,44): error TS7006: Parameter 'i' implicitly has an 'any' type.
src/context/AppContext.tsx(823,48): error TS7006: Parameter 'a' implicitly has an 'any' type.
src/context/AppContext.tsx(851,21): error TS7006: Parameter 'prev' implicitly has an 'any' type.
src/context/AppContext.tsx(853,38): error TS7006: Parameter 'a' implicitly has an 'any' type.
src/context/AppContext.tsx(854,34): error TS7006: Parameter 'i' implicitly has an 'any' type.
src/context/AppContext.tsx(871,23): error TS7006: Parameter 'prev' implicitly has an 'any' type.
src/context/AppContext.tsx(885,23): error TS7006: Parameter 'prev' implicitly has an 'any' type.
src/context/AppContext.tsx(887,66): error TS7006: Parameter 't' implicitly has an 'any' type.
src/context/AppContext.tsx(899,23): error TS7006: Parameter 'prev' implicitly has an 'any' type.
src/context/AppContext.tsx(901,69): error TS7006: Parameter 't' implicitly has an 'any' type.
src/context/AppContext.tsx(922,23): error TS7006: Parameter 'prev' implicitly has an 'any' type.
src/context/AppContext.tsx(936,23): error TS7006: Parameter 'prev' implicitly has an 'any' type.
src/context/AppContext.tsx(938,56): error TS7006: Parameter 'cat' implicitly has an 'any' type.
src/context/AppContext.tsx(950,23): error TS7006: Parameter 'prev' implicitly has an 'any' type.
src/context/AppContext.tsx(952,59): error TS7006: Parameter 'c' implicitly has an 'any' type.
src/context/AppContext.tsx(968,23): error TS7006: Parameter 'prev' implicitly has an 'any' type.
src/context/AppContext.tsx(982,23): error TS7006: Parameter 'prev' implicitly has an 'any' type.
src/context/AppContext.tsx(984,50): error TS7006: Parameter 's' implicitly has an 'any' type.
src/context/AppContext.tsx(996,23): error TS7006: Parameter 'prev' implicitly has an 'any' type.
src/context/AppContext.tsx(998,53): error TS7006: Parameter 's' implicitly has an 'any' type.
src/context/AppContext.tsx(1011,49): error TS7006: Parameter 'sum' implicitly has an 'any' type.
src/context/AppContext.tsx(1011,54): error TS7006: Parameter 'src' implicitly has an 'any' type.
src/context/AppContext.tsx(1018,51): error TS7006: Parameter 'c' implicitly has an 'any' type.
src/context/AppContext.tsx(1018,85): error TS7006: Parameter 'sum' implicitly has an 'any' type.
src/context/AppContext.tsx(1018,90): error TS7006: Parameter 'c' implicitly has an 'any' type.
src/context/AppContext.tsx(1020,16): error TS7006: Parameter 'r' implicitly has an 'any' type.
src/context/AppContext.tsx(1021,16): error TS7006: Parameter 'sum' implicitly has an 'any' type.
src/context/AppContext.tsx(1021,21): error TS7006: Parameter 'r' implicitly has an 'any' type.
src/context/AppContext.tsx(1022,38): error TS7006: Parameter 'i' implicitly has an 'any' type.
src/context/AppContext.tsx(1022,75): error TS7006: Parameter 'sum' implicitly has an 'any' type.
src/context/AppContext.tsx(1022,80): error TS7006: Parameter 'i' implicitly has an 'any' type.
src/context/AppContext.tsx(1026,16): error TS7006: Parameter 'c' implicitly has an 'any' type.
src/context/AppContext.tsx(1027,16): error TS7006: Parameter 'sum' implicitly has an 'any' type.
src/context/AppContext.tsx(1027,21): error TS7006: Parameter 'c' implicitly has an 'any' type.
src/context/AppContext.tsx(1043,62): error TS7006: Parameter 't' implicitly has an 'any' type.
src/context/AppContext.tsx(1049,37): error TS7006: Parameter 't' implicitly has an 'any' type.
src/context/AppContext.tsx(1062,19): error TS7006: Parameter 'prev' implicitly has an 'any' type.
src/context/AppContext.tsx(1063,62): error TS7006: Parameter 'cat' implicitly has an 'any' type.
src/context/AppContext.tsx(1065,20): error TS7006: Parameter 't' implicitly has an 'any' type.
src/context/AppContext.tsx(1074,20): error TS7006: Parameter 'sum' implicitly has an 'any' type.
src/context/AppContext.tsx(1074,25): error TS7006: Parameter 't' implicitly has an 'any' type.
src/context/AppContext.tsx(1093,44): error TS7006: Parameter 'a' implicitly has an 'any' type.
src/context/AppContext.tsx(1094,52): error TS7006: Parameter 't' implicitly has an 'any' type.
src/context/AppContext.tsx(1095,52): error TS7006: Parameter 'g' implicitly has an 'any' type.
src/context/AppContext.tsx(1096,38): error TS7006: Parameter 'i' implicitly has an 'any' type.
src/context/AppContext.tsx(1097,40): error TS7006: Parameter 'i' implicitly has an 'any' type.
src/context/AppContext.tsx(1098,70): error TS7006: Parameter 'r' implicitly has an 'any' type.
src/context/AppContext.tsx(1100,18): error TS7006: Parameter 'a' implicitly has an 'any' type.
src/context/AppContext.tsx(1101,18): error TS7006: Parameter 'sum' implicitly has an 'any' type.
src/context/AppContext.tsx(1101,23): error TS7006: Parameter 'acc' implicitly has an 'any' type.
src/context/AppContext.tsx(1103,18): error TS7006: Parameter 't' implicitly has an 'any' type.
src/context/AppContext.tsx(1104,18): error TS7006: Parameter 'sum' implicitly has an 'any' type.
src/context/AppContext.tsx(1104,23): error TS7006: Parameter 't' implicitly has an 'any' type.
src/context/AppContext.tsx(1106,18): error TS7006: Parameter 't' implicitly has an 'any' type.
src/context/AppContext.tsx(1107,18): error TS7006: Parameter 'sum' implicitly has an 'any' type.
src/context/AppContext.tsx(1107,23): error TS7006: Parameter 't' implicitly has an 'any' type.
src/features/accounts/AccountsPage.tsx(2,23): error TS2307: Cannot find module './Icons' or its corresponding type declarations.
src/features/accounts/AccountsPage.tsx(3,31): error TS2307: Cannot find module '../context/AppContext' or its corresponding type declarations.
src/features/accounts/AccountsPage.tsx(4,38): error TS2307: Cannot find module '../types' or its corresponding type declarations.
src/features/accounts/AccountsPage.tsx(99,56): error TS7006: Parameter 'a' implicitly has an 'any' type.
src/features/accounts/AccountsPage.tsx(100,54): error TS7006: Parameter 'a' implicitly has an 'any' type.
src/features/accounts/AccountsPage.tsx(176,41): error TS7006: Parameter 'a' implicitly has an 'any' type.
src/features/accounts/AccountsPage.tsx(260,39): error TS7006: Parameter 'a' implicitly has an 'any' type.
src/features/accounts/AccountsPage.tsx(272,40): error TS7006: Parameter 'acc' implicitly has an 'any' type.
src/features/accounts/AccountsPage.tsx(272,45): error TS7006: Parameter 'curr' implicitly has an 'any' type.
src/features/accounts/AccountsPage.tsx(273,38): error TS7006: Parameter 'a' implicitly has an 'any' type.
src/features/accounts/AccountsPage.tsx(273,70): error TS7006: Parameter 'acc' implicitly has an 'any' type.
src/features/accounts/AccountsPage.tsx(273,75): error TS7006: Parameter 'curr' implicitly has an 'any' type.
src/features/accounts/AccountsPage.tsx(274,40): error TS7006: Parameter 'a' implicitly has an 'any' type.
src/features/accounts/AccountsPage.tsx(274,80): error TS7006: Parameter 'acc' implicitly has an 'any' type.
src/features/accounts/AccountsPage.tsx(274,85): error TS7006: Parameter 'curr' implicitly has an 'any' type.
src/features/accounts/AccountsPage.tsx(411,62): error TS7006: Parameter 'a' implicitly has an 'any' type.
src/features/accounts/AccountsPage.tsx(412,71): error TS7006: Parameter 'sum' implicitly has an 'any' type.
src/features/accounts/AccountsPage.tsx(412,76): error TS7006: Parameter 'a' implicitly has an 'any' type.
src/features/accounts/AccountsPage.tsx(445,51): error TS7006: Parameter 'a' implicitly has an 'any' type.
src/features/accounts/AccountsPage.tsx(558,79): error TS7006: Parameter 't' implicitly has an 'any' type.
src/features/accounts/AccountsPage.tsx(792,35): error TS7006: Parameter 'acc' implicitly has an 'any' type.
src/features/accounts/AccountsPage.tsx(808,35): error TS7006: Parameter 'acc' implicitly has an 'any' type.
src/features/accounts/BalanceCard.tsx(2,23): error TS2307: Cannot find module './Icons' or its corresponding type declarations.
src/features/accounts/BalanceCard.tsx(3,31): error TS2307: Cannot find module '../context/AppContext' or its corresponding type declarations.
src/features/advisor/AIAdvisor.tsx(7,23): error TS2307: Cannot find module './Icons' or its corresponding type declarations.
src/features/advisor/AIAdvisor.tsx(8,31): error TS2307: Cannot find module '../context/AppContext' or its corresponding type declarations.
src/features/advisor/AIAdvisor.tsx(17,60): error TS7006: Parameter 'r' implicitly has an 'any' type.
src/features/advisor/AIAdvisor.tsx(42,5): error TS2339: Property 'reload' does not exist on type 'UseChatHelpers<UIMessage<unknown, UIDataTypes, UITools>>'.
src/features/advisor/AIAdvisor.tsx(48,5): error TS2353: Object literal may only specify known properties, and 'initialMessages' does not exist in type 'UseChatOptions<UIMessage<unknown, UIDataTypes, UITools>>'.
src/features/advisor/AIAdvisor.tsx(74,19): error TS2353: Object literal may only specify known properties, and 'content' does not exist in type '(Omit<UIMessage<unknown, UIDataTypes, UITools>, "role" | "id"> & { id?: string | undefined; role?: "user" | "system" | "assistant" | undefined; } & { ...; }) | { ...; } | { ...; }'.
src/features/advisor/AIAdvisor.tsx(190,23): error TS2339: Property 'content' does not exist on type 'UIMessage<unknown, UIDataTypes, UITools>'.
src/features/advisor/AIAdvisor.tsx(190,49): error TS7006: Parameter 'line' implicitly has an 'any' type.
src/features/advisor/AIAdvisor.tsx(190,55): error TS7006: Parameter 'i' implicitly has an 'any' type.
src/features/auth/FinancialProfileModal.tsx(2,23): error TS2307: Cannot find module './Icons' or its corresponding type declarations.
src/features/auth/FinancialProfileModal.tsx(3,31): error TS2307: Cannot find module '../context/AppContext' or its corresponding type declarations.
src/features/auth/FinancialProfileModal.tsx(4,30): error TS2307: Cannot find module '../types' or its corresponding type declarations.
src/features/auth/FinancialProfileModal.tsx(5,34): error TS2307: Cannot find module './HorizontalScroll' or its corresponding type declarations.
src/features/auth/FinancialProfileModal.tsx(128,21): error TS7006: Parameter 't' implicitly has an 'any' type.
src/features/auth/FinancialProfileModal.tsx(129,20): error TS7006: Parameter 'a' implicitly has an 'any' type.
src/features/auth/FinancialProfileModal.tsx(129,22): error TS7006: Parameter 'b' implicitly has an 'any' type.
src/features/auth/FinancialProfileModal.tsx(135,38): error TS7006: Parameter 'sum' implicitly has an 'any' type.
src/features/auth/FinancialProfileModal.tsx(135,43): error TS7006: Parameter 's' implicitly has an 'any' type.
src/features/auth/FinancialProfileModal.tsx(227,44): error TS7006: Parameter 'source' implicitly has an 'any' type.
src/features/auth/FinancialProfileModal.tsx(387,47): error TS7006: Parameter 'acc' implicitly has an 'any' type.
src/features/auth/Onboarding.tsx(5,23): error TS2307: Cannot find module './Icons' or its corresponding type declarations.
src/features/auth/Onboarding.tsx(6,31): error TS2307: Cannot find module '../context/AppContext' or its corresponding type declarations.
src/features/budget/BudgetPage.tsx(2,31): error TS2307: Cannot find module '../context/AppContext' or its corresponding type declarations.
src/features/budget/BudgetPage.tsx(3,23): error TS2307: Cannot find module './Icons' or its corresponding type declarations.
src/features/budget/BudgetPage.tsx(4,67): error TS2307: Cannot find module '../types' or its corresponding type declarations.
src/features/budget/BudgetPage.tsx(5,34): error TS2307: Cannot find module './HorizontalScroll' or its corresponding type declarations.
src/features/budget/BudgetPage.tsx(151,57): error TS7006: Parameter 't' implicitly has an 'any' type.
src/features/budget/BudgetPage.tsx(157,50): error TS7006: Parameter 'cat' implicitly has an 'any' type.
src/features/budget/BudgetPage.tsx(159,21): error TS7006: Parameter 't' implicitly has an 'any' type.
src/features/budget/BudgetPage.tsx(160,22): error TS7006: Parameter 'sum' implicitly has an 'any' type.
src/features/budget/BudgetPage.tsx(160,27): error TS7006: Parameter 't' implicitly has an 'any' type.
src/features/budget/BudgetPage.tsx(165,63): error TS7006: Parameter 'c' implicitly has an 'any' type.
src/features/budget/BudgetPage.tsx(167,19): error TS7006: Parameter 't' implicitly has an 'any' type.
src/features/budget/BudgetPage.tsx(168,20): error TS7006: Parameter 'sum' implicitly has an 'any' type.
src/features/budget/BudgetPage.tsx(168,25): error TS7006: Parameter 't' implicitly has an 'any' type.
src/features/budget/BudgetPage.tsx(182,43): error TS7006: Parameter 'c' implicitly has an 'any' type.
src/features/budget/BudgetPage.tsx(185,42): error TS7006: Parameter 'c' implicitly has an 'any' type.
src/features/budget/BudgetPage.tsx(193,46): error TS7006: Parameter 'sum' implicitly has an 'any' type.
src/features/budget/BudgetPage.tsx(193,51): error TS7006: Parameter 'c' implicitly has an 'any' type.
src/features/budget/BudgetPage.tsx(194,46): error TS7006: Parameter 'sum' implicitly has an 'any' type.
src/features/budget/BudgetPage.tsx(194,51): error TS7006: Parameter 'c' implicitly has an 'any' type.
src/features/budget/BudgetPage.tsx(348,34): error TS7006: Parameter 't' implicitly has an 'any' type.
src/features/budget/BudgetPage.tsx(357,67): error TS7006: Parameter 'c' implicitly has an 'any' type.
src/features/budget/BudgetPage.tsx(358,38): error TS7006: Parameter 't' implicitly has an 'any' type.
src/features/budget/BudgetPage.tsx(361,20): error TS7006: Parameter 'a' implicitly has an 'any' type.
src/features/budget/BudgetPage.tsx(361,22): error TS7006: Parameter 'b' implicitly has an 'any' type.
src/features/budget/BudgetPage.tsx(364,34): error TS7006: Parameter 't' implicitly has an 'any' type.
src/features/budget/BudgetPage.tsx(367,16): error TS7006: Parameter 'a' implicitly has an 'any' type.
src/features/budget/BudgetPage.tsx(367,18): error TS7006: Parameter 'b' implicitly has an 'any' type.
src/features/budget/BudgetPage.tsx(476,162): error TS7006: Parameter 's' implicitly has an 'any' type.
src/features/budget/BudgetPage.tsx(476,164): error TS7006: Parameter 'c' implicitly has an 'any' type.
src/features/budget/BudgetPage.tsx(503,52): error TS7006: Parameter 'cat' implicitly has an 'any' type.
src/features/budget/BudgetPage.tsx(589,49): error TS7006: Parameter 'cat' implicitly has an 'any' type.
src/features/budget/BudgetPage.tsx(678,48): error TS7006: Parameter 'sub' implicitly has an 'any' type.
src/features/budget/BudgetPage.tsx(835,53): error TS7006: Parameter 'c' implicitly has an 'any' type.
src/features/budget/BudgetPage.tsx(858,50): error TS7006: Parameter 'tx' implicitly has an 'any' type.
src/features/budget/BudgetPage.tsx(954,64): error TS7006: Parameter 's' implicitly has an 'any' type.
src/features/budget/BudgetPage.tsx(994,50): error TS7006: Parameter 'tx' implicitly has an 'any' type.
src/features/budget/ExpenseTracking.tsx(2,31): error TS2307: Cannot find module '../context/AppContext' or its corresponding type declarations.
src/features/budget/ExpenseTracking.tsx(3,23): error TS2307: Cannot find module './Icons' or its corresponding type declarations.
src/features/budget/ExpenseTracking.tsx(4,39): error TS2307: Cannot find module './FinancialProfileModal' or its corresponding type declarations.
src/features/budget/ExpenseTracking.tsx(30,50): error TS7006: Parameter 'c' implicitly has an 'any' type.
src/features/budget/ExpenseTracking.tsx(31,53): error TS7006: Parameter 'sum' implicitly has an 'any' type.
src/features/budget/ExpenseTracking.tsx(31,58): error TS7006: Parameter 'c' implicitly has an 'any' type.
src/features/budget/ExpenseTracking.tsx(32,53): error TS7006: Parameter 'sum' implicitly has an 'any' type.
src/features/budget/ExpenseTracking.tsx(32,58): error TS7006: Parameter 'c' implicitly has an 'any' type.
src/features/budget/ExpenseTracking.tsx(45,50): error TS7006: Parameter 'c' implicitly has an 'any' type.
src/features/budget/ExpenseTracking.tsx(48,16): error TS7006: Parameter 'a' implicitly has an 'any' type.
src/features/budget/ExpenseTracking.tsx(48,19): error TS7006: Parameter 'b' implicitly has an 'any' type.
src/features/budget/ExpenseTracking.tsx(125,64): error TS7006: Parameter 'cat' implicitly has an 'any' type.
src/features/budget/TransactionList.tsx(2,23): error TS2307: Cannot find module './Icons' or its corresponding type declarations.
src/features/budget/TransactionList.tsx(3,31): error TS2307: Cannot find module '../context/AppContext' or its corresponding type declarations.
src/features/budget/TransactionList.tsx(73,40): error TS7006: Parameter 'tx' implicitly has an 'any' type.
src/features/budget/TransactionModal.tsx(5,23): error TS2307: Cannot find module './Icons' or its corresponding type declarations.
src/features/budget/TransactionModal.tsx(6,31): error TS2307: Cannot find module '../context/AppContext' or its corresponding type declarations.
src/features/budget/TransactionModal.tsx(7,34): error TS2307: Cannot find module '../types' or its corresponding type declarations.
src/features/budget/TransactionModal.tsx(8,34): error TS2307: Cannot find module './HorizontalScroll' or its corresponding type declarations.
src/features/budget/TransactionModal.tsx(9,37): error TS2307: Cannot find module './VoiceRecordingModal' or its corresponding type declarations.
src/features/budget/TransactionModal.tsx(129,58): error TS7006: Parameter 'c' implicitly has an 'any' type.
src/features/budget/TransactionModal.tsx(211,18): error TS7006: Parameter 'p' implicitly has an 'any' type.
src/features/budget/TransactionModal.tsx(230,42): error TS7006: Parameter 'a' implicitly has an 'any' type.
src/features/budget/TransactionModal.tsx(293,56): error TS7006: Parameter 'c' implicitly has an 'any' type.
src/features/budget/TransactionModal.tsx(643,36): error TS7006: Parameter 'acc' implicitly has an 'any' type.
src/features/budget/TransactionModal.tsx(722,34): error TS7006: Parameter 'cat' implicitly has an 'any' type.
src/features/dashboard/dashboard-client.tsx(7,23): error TS2307: Cannot find module './Icons' or its corresponding type declarations.
src/features/dashboard/reminders-widget.tsx(4,23): error TS2307: Cannot find module './Icons' or its corresponding type declarations.
src/features/goals/GoalsPage.tsx(2,31): error TS2307: Cannot find module '../context/AppContext' or its corresponding type declarations.
src/features/goals/GoalsPage.tsx(3,23): error TS2307: Cannot find module './Icons' or its corresponding type declarations.
src/features/goals/GoalsPage.tsx(4,51): error TS2307: Cannot find module '../types' or its corresponding type declarations.
src/features/goals/GoalsPage.tsx(5,34): error TS2307: Cannot find module './HorizontalScroll' or its corresponding type declarations.
src/features/goals/GoalsPage.tsx(101,42): error TS7006: Parameter 'g' implicitly has an 'any' type.
src/features/goals/GoalsPage.tsx(126,34): error TS7006: Parameter 't' implicitly has an 'any' type.
src/features/goals/GoalsPage.tsx(126,66): error TS7006: Parameter 'a' implicitly has an 'any' type.
src/features/goals/GoalsPage.tsx(126,68): error TS7006: Parameter 'b' implicitly has an 'any' type.
src/features/goals/GoalsPage.tsx(469,33): error TS7006: Parameter 'goal' implicitly has an 'any' type.
src/features/goals/GoalsPage.tsx(589,26): error TS7006: Parameter 'iqub' implicitly has an 'any' type.
src/features/goals/GoalsPage.tsx(725,27): error TS7006: Parameter 'iddir' implicitly has an 'any' type.
src/features/goals/GoalsPage.tsx(838,39): error TS7006: Parameter 'acc' implicitly has an 'any' type.
src/features/goals/GoalsPage.tsx(884,45): error TS7006: Parameter 'a' implicitly has an 'any' type.
src/features/goals/GoalsPage.tsx(1036,45): error TS7006: Parameter 'a' implicitly has an 'any' type.
src/features/goals/GoalsPage.tsx(1196,80): error TS7006: Parameter 'tx' implicitly has an 'any' type.
src/features/goals/SavingsGoals.tsx(2,23): error TS2307: Cannot find module './Icons' or its corresponding type declarations.
src/features/goals/SavingsGoals.tsx(3,31): error TS2307: Cannot find module '../context/AppContext' or its corresponding type declarations.
src/features/goals/SavingsGoals.tsx(4,34): error TS2307: Cannot find module './HorizontalScroll' or its corresponding type declarations.
src/features/goals/SavingsGoals.tsx(47,28): error TS7006: Parameter 'goal' implicitly has an 'any' type.
src/features/voice/VoiceRecordingModal.tsx(5,23): error TS2307: Cannot find module './Icons' or its corresponding type declarations.
src/hooks/use-reminders.ts(4,31): error TS2307: Cannot find module '@/types' or its corresponding type declarations.
src/hooks/use-reminders.ts(37,16): error TS7006: Parameter 'i' implicitly has an 'any' type.
src/hooks/use-reminders.ts(38,17): error TS7006: Parameter 'iddir' implicitly has an 'any' type.
src/hooks/use-reminders.ts(66,16): error TS7006: Parameter 'i' implicitly has an 'any' type.
src/hooks/use-reminders.ts(67,17): error TS7006: Parameter 'iqub' implicitly has an 'any' type.
src/hooks/use-reminders.ts(97,37): error TS7006: Parameter 'cat' implicitly has an 'any' type.
src/hooks/use-reminders.ts(124,16): error TS7006: Parameter 'r' implicitly has an 'any' type.
src/hooks/use-reminders.ts(125,17): error TS7006: Parameter 'bill' implicitly has an 'any' type.
src/hooks/use-reminders.ts(146,16): error TS7006: Parameter 's' implicitly has an 'any' type.
src/hooks/use-reminders.ts(147,17): error TS7006: Parameter 'source' implicitly has an 'any' type.
src/hooks/use-reminders.ts(163,33): error TS7006: Parameter 'goal' implicitly has an 'any' type.
src/hooks/use-user-data.ts(16,8): error TS2307: Cannot find module '@/types' or its corresponding type declarations.
src/hooks/use-user-data.ts(127,48): error TS7006: Parameter '_event' implicitly has an 'any' type.
src/hooks/use-user-data.ts(127,56): error TS7006: Parameter 'session' implicitly has an 'any' type.
src/index.tsx(6,31): error TS2307: Cannot find module './components/ui/error-boundary' or its corresponding type declarations.
src/lib/ai-service.ts(1,31): error TS2307: Cannot find module '@/types' or its corresponding type declarations.
src/lib/ai-service.ts(12,57): error TS7006: Parameter 'sum' implicitly has an 'any' type.
src/lib/ai-service.ts(12,62): error TS7006: Parameter 'c' implicitly has an 'any' type.
src/lib/ai-service.ts(13,53): error TS7006: Parameter 'sum' implicitly has an 'any' type.
src/lib/ai-service.ts(13,58): error TS7006: Parameter 'c' implicitly has an 'any' type.
src/lib/ai-service.ts(18,58): error TS7006: Parameter 'c' implicitly has an 'any' type.
src/lib/ai-service.ts(19,61): error TS7006: Parameter 'c' implicitly has an 'any' type.
src/lib/ai-service.ts(26,59): error TS7006: Parameter 'c' implicitly has an 'any' type.
src/lib/ai-service.ts(34,53): error TS7006: Parameter 't' implicitly has an 'any' type.
src/lib/ai-service.ts(35,46): error TS7006: Parameter 'sum' implicitly has an 'any' type.
src/lib/ai-service.ts(35,51): error TS7006: Parameter 't' implicitly has an 'any' type.
src/lib/ai-service.ts(39,43): error TS7006: Parameter 'i' implicitly has an 'any' type.
src/lib/ai-service.ts(40,49): error TS7006: Parameter 'i' implicitly has an 'any' type.
src/lib/ai-service.ts(49,45): error TS7006: Parameter 'i' implicitly has an 'any' type.
src/lib/ai-service.ts(50,51): error TS7006: Parameter 'i' implicitly has an 'any' type.
src/lib/ai-service.ts(63,14): error TS7006: Parameter 'r' implicitly has an 'any' type.
src/lib/ai-service.ts(64,11): error TS7006: Parameter 'r' implicitly has an 'any' type.
src/lib/ai-service.ts(74,14): error TS7006: Parameter 'r' implicitly has an 'any' type.
src/lib/ai-service.ts(75,12): error TS7006: Parameter 'a' implicitly has an 'any' type.
src/lib/ai-service.ts(75,15): error TS7006: Parameter 'b' implicitly has an 'any' type.
src/lib/ai-service.ts(79,14): error TS7006: Parameter 'c' implicitly has an 'any' type.
src/lib/ai-service.ts(80,11): error TS7006: Parameter 'c' implicitly has an 'any' type.
src/lib/ai-service.ts(99,48): error TS7006: Parameter 'g' implicitly has an 'any' type.
src/lib/ai-service.ts(123,46): error TS7006: Parameter 'a' implicitly has an 'any' type.
src/lib/ai-service.ts(141,23): error TS7006: Parameter 'a' implicitly has an 'any' type.
src/lib/ai-service.ts(155,25): error TS7006: Parameter 'c' implicitly has an 'any' type.
src/lib/ai-service.ts(161,24): error TS7006: Parameter 'c' implicitly has an 'any' type.
src/lib/ai-service.ts(164,27): error TS7006: Parameter 'c' implicitly has an 'any' type.
src/lib/ai-service.ts(181,12): error TS7006: Parameter 'i' implicitly has an 'any' type.
src/lib/ai-service.ts(192,15): error TS7006: Parameter 'i' implicitly has an 'any' type.
src/lib/ai-service.ts(202,15): error TS7006: Parameter 'b' implicitly has an 'any' type.
src/lib/ai-service.ts(213,12): error TS7006: Parameter 'g' implicitly has an 'any' type.
src/lib/ai-service.ts(226,6): error TS7006: Parameter 't' implicitly has an 'any' type.
src/lib/ai-service.ts(234,39): error TS7006: Parameter 'r' implicitly has an 'any' type.
src/lib/ai-service.ts(236,18): error TS7006: Parameter 'r' implicitly has an 'any' type.
src/lib/ai-service.ts(237,18): error TS7006: Parameter 'sum' implicitly has an 'any' type.
src/lib/ai-service.ts(237,23): error TS7006: Parameter 'r' implicitly has an 'any' type.
src/lib/ai-service.ts(240,12): error TS7006: Parameter 'r' implicitly has an 'any' type.
src/lib/ai-service.ts(241,9): error TS7006: Parameter 'r' implicitly has an 'any' type.
src/lib/ai-service.ts(252,12): error TS7006: Parameter 's' implicitly has an 'any' type.
src/lib/ai-service.ts(301,35): error TS7006: Parameter 'cat' implicitly has an 'any' type.
src/lib/ai-service.ts(314,14): error TS7006: Parameter 'i' implicitly has an 'any' type.
src/lib/ai-service.ts(315,15): error TS7006: Parameter 'iddir' implicitly has an 'any' type.
src/lib/ai-service.ts(327,14): error TS7006: Parameter 'i' implicitly has an 'any' type.
src/lib/ai-service.ts(328,15): error TS7006: Parameter 'iqub' implicitly has an 'any' type.
src/lib/ai-service.ts(337,31): error TS7006: Parameter 'goal' implicitly has an 'any' type.
src/lib/supabase/client.ts(8,35): error TS2339: Property 'env' does not exist on type 'ImportMeta'.
src/lib/supabase/client.ts(9,35): error TS2339: Property 'env' does not exist on type 'ImportMeta'.
src/lib/supabase/client.ts(12,39): error TS2339: Property 'env' does not exist on type 'ImportMeta'.
src/lib/supabase/client.ts(13,39): error TS2339: Property 'env' does not exist on type 'ImportMeta'.
src/lib/supabase/data-service.ts(11,8): error TS2307: Cannot find module '@/types' or its corresponding type declarations.
src/lib/supabase/data-service.ts(67,33): error TS2304: Cannot find name 'supabase'.
src/lib/supabase/data-service.ts(78,20): error TS7006: Parameter 'a' implicitly has an 'any' type.
src/lib/supabase/data-service.ts(91,33): error TS2304: Cannot find name 'supabase'.
src/lib/supabase/data-service.ts(124,27): error TS2304: Cannot find name 'supabase'.
src/lib/supabase/data-service.ts(146,27): error TS2304: Cannot find name 'supabase'.
src/lib/supabase/data-service.ts(158,33): error TS2304: Cannot find name 'supabase'.
src/lib/supabase/data-service.ts(170,20): error TS7006: Parameter 't' implicitly has an 'any' type.
src/lib/supabase/data-service.ts(187,33): error TS2304: Cannot find name 'supabase'.
src/lib/supabase/data-service.ts(228,27): error TS2304: Cannot find name 'supabase'.
src/lib/supabase/data-service.ts(253,27): error TS2304: Cannot find name 'supabase'.
src/lib/supabase/data-service.ts(265,33): error TS2304: Cannot find name 'supabase'.
src/lib/supabase/data-service.ts(276,20): error TS7006: Parameter 'g' implicitly has an 'any' type.
src/lib/supabase/data-service.ts(291,33): error TS2304: Cannot find name 'supabase'.
src/lib/supabase/data-service.ts(328,27): error TS2304: Cannot find name 'supabase'.
src/lib/supabase/data-service.ts(352,27): error TS2304: Cannot find name 'supabase'.
src/lib/supabase/data-service.ts(364,33): error TS2304: Cannot find name 'supabase'.
src/lib/supabase/data-service.ts(375,20): error TS7006: Parameter 'i' implicitly has an 'any' type.
src/lib/supabase/data-service.ts(396,33): error TS2304: Cannot find name 'supabase'.
src/lib/supabase/data-service.ts(445,27): error TS2304: Cannot find name 'supabase'.
src/lib/supabase/data-service.ts(475,27): error TS2304: Cannot find name 'supabase'.
src/lib/supabase/data-service.ts(487,33): error TS2304: Cannot find name 'supabase'.
src/lib/supabase/data-service.ts(498,20): error TS7006: Parameter 'i' implicitly has an 'any' type.
src/lib/supabase/data-service.ts(512,33): error TS2304: Cannot find name 'supabase'.
src/lib/supabase/data-service.ts(547,27): error TS2304: Cannot find name 'supabase'.
src/lib/supabase/data-service.ts(569,27): error TS2304: Cannot find name 'supabase'.
src/lib/supabase/data-service.ts(581,33): error TS2304: Cannot find name 'supabase'.
src/lib/supabase/data-service.ts(592,20): error TS7006: Parameter 'c' implicitly has an 'any' type.
src/lib/supabase/data-service.ts(608,33): error TS2304: Cannot find name 'supabase'.
src/lib/supabase/data-service.ts(640,27): error TS2304: Cannot find name 'supabase'.
src/lib/supabase/data-service.ts(660,27): error TS2304: Cannot find name 'supabase'.
src/lib/supabase/data-service.ts(672,33): error TS2304: Cannot find name 'supabase'.
src/lib/supabase/data-service.ts(683,20): error TS7006: Parameter 's' implicitly has an 'any' type.
src/lib/supabase/data-service.ts(700,33): error TS2304: Cannot find name 'supabase'.
src/lib/supabase/data-service.ts(735,27): error TS2304: Cannot find name 'supabase'.
src/lib/supabase/data-service.ts(757,27): error TS2304: Cannot find name 'supabase'.
src/lib/supabase/data-service.ts(769,33): error TS2304: Cannot find name 'supabase'.
src/lib/supabase/data-service.ts(780,20): error TS7006: Parameter 'r' implicitly has an 'any' type.
src/lib/supabase/data-service.ts(802,33): error TS2304: Cannot find name 'supabase'.
src/lib/supabase/data-service.ts(847,27): error TS2304: Cannot find name 'supabase'.
src/lib/supabase/data-service.ts(874,27): error TS2304: Cannot find name 'supabase'.
src/lib/supabase/data-service.ts(891,33): error TS2304: Cannot find name 'supabase'.
src/lib/supabase/data-service.ts(907,27): error TS2304: Cannot find name 'supabase'.
src/shared/components/BottomNav.tsx(3,31): error TS2307: Cannot find module '../context/AppContext' or its corresponding type declarations.
src/shared/components/DataExportModal.tsx(6,31): error TS2307: Cannot find module '../context/AppContext' or its corresponding type declarations.
src/shared/components/DataExportModal.tsx(62,46): error TS7006: Parameter 't' implicitly has an 'any' type.
src/shared/components/DataExportModal.tsx(63,48): error TS7006: Parameter 'a' implicitly has an 'any' type.
src/shared/components/DataExportModal.tsx(129,22): error TS2339: Property 'FileText' does not exist on type '{ Dashboard: ForwardRefExoticComponent<Omit<LucideProps, "ref"> & RefAttributes<SVGSVGElement>>; ... 95 more ...; Help: ForwardRefExoticComponent<...>; }'.
src/shared/components/ui/chart.tsx(109,3): error TS2339: Property 'payload' does not exist on type 'Omit<Props<ValueType, NameType>, PropertiesReadFromContext> & { active?: boolean | undefined; allowEscapeViewBox?: AllowInDimension | undefined; ... 17 more ...; wrapperStyle?: CSSProperties | undefined; } & ClassAttributes<...> & HTMLAttributes<...> & { ...; }'.
src/shared/components/ui/chart.tsx(114,3): error TS2339: Property 'label' does not exist on type 'Omit<Props<ValueType, NameType>, PropertiesReadFromContext> & { active?: boolean | undefined; allowEscapeViewBox?: AllowInDimension | undefined; ... 17 more ...; wrapperStyle?: CSSProperties | undefined; } & ClassAttributes<...> & HTMLAttributes<...> & { ...; }'.
src/shared/components/ui/chart.tsx(182,23): error TS7006: Parameter 'item' implicitly has an 'any' type.
src/shared/components/ui/chart.tsx(182,29): error TS7006: Parameter 'index' implicitly has an 'any' type.
src/shared/components/ui/chart.tsx(260,39): error TS2344: Type '"payload" | "verticalAlign"' does not satisfy the constraint '"string" | "name" | "path" | "mode" | "transform" | "seed" | "type" | "in" | "filter" | "fill" | "values" | "role" | "content" | "id" | "formatter" | "style" | "clipPath" | "mask" | ... 428 more ... | "onBBoxUpdate"'.
  Type '"payload"' is not assignable to type '"string" | "name" | "path" | "mode" | "transform" | "seed" | "type" | "in" | "filter" | "fill" | "values" | "role" | "content" | "id" | "formatter" | "style" | "clipPath" | "mask" | ... 428 more ... | "onBBoxUpdate"'.
src/shared/components/ui/chart.tsx(266,17): error TS2339: Property 'length' does not exist on type '{}'.
src/shared/components/ui/chart.tsx(278,16): error TS2339: Property 'map' does not exist on type '{}'.
src/shared/components/ui/chart.tsx(278,21): error TS7006: Parameter 'item' implicitly has an 'any' type.
src/shared/components/ui/sidebar.tsx(630,9): error TS2322: Type '{ className: string; "data-sidebar": string; style: CSSProperties; }' is not assignable to type 'IntrinsicAttributes & SkeletonProps'.
  Property 'style' does not exist on type 'IntrinsicAttributes & SkeletonProps'.
